// Vitest Snapshot v1, https://vitest.dev/guide/snapshot.html

exports[`matches snapshot 1`] = `
<DocumentFragment>
  <div>
    <button>
      Start Drawing
    </button>
    <button>
      Shuffle Deck
    </button>
  </div>
</DocumentFragment>
`;
